This is pdfTeX, Version 3.141592653-2.6-1.40.27 (TeX Live 2025) (preloaded format=pdflatex 2025.9.24)  28 MAR 2026 15:23
entering extended mode
 restricted \write18 enabled.
 %&-line parsing enabled.
**supp.tex
(./supp.tex
LaTeX2e <2024-11-01> patch level 2
L3 programming layer <2025-01-18>
(./elsarticle.cls
Document Class: elsarticle 2025/01/11, 3.4c: Elsevier Ltd
(/usr/local/texlive/2025basic/texmf-dist/tex/latex/base/fontenc.sty
Package: fontenc 2021/04/29 v2.0v Standard LaTeX package
)
(/usr/local/texlive/2025basic/texmf-dist/tex/latex/l3kernel/expl3.sty
Package: expl3 2025-01-18 L3 programming layer (loader) 

(/usr/local/texlive/2025basic/texmf-dist/tex/latex/l3backend/l3backend-pdftex.d
ef
File: l3backend-pdftex.def 2024-05-08 L3 backend support: PDF output (pdfTeX)
\l__color_backend_stack_int=\count196
\l__pdf_internal_box=\box52
))
(/usr/local/texlive/2025basic/texmf-dist/tex/latex/l3packages/xparse/xparse.sty
Package: xparse 2024-08-16 L3 Experimental document command parser
) (/usr/local/texlive/2025basic/texmf-dist/tex/latex/etoolbox/etoolbox.sty
Package: etoolbox 2025/02/11 v2.5l e-TeX tools for LaTeX (JAW)
\etb@tempcnta=\count197
)
\@bls=\dimen141

(/usr/local/texlive/2025basic/texmf-dist/tex/latex/base/article.cls
Document Class: article 2024/06/29 v1.4n Standard LaTeX document class
(/usr/local/texlive/2025basic/texmf-dist/tex/latex/base/size12.clo
File: size12.clo 2024/06/29 v1.4n Standard LaTeX file (size option)
)
\c@part=\count198
\c@section=\count199
\c@subsection=\count266
\c@subsubsection=\count267
\c@paragraph=\count268
\c@subparagraph=\count269
\c@figure=\count270
\c@table=\count271
\abovecaptionskip=\skip49
\belowcaptionskip=\skip50
\bibindent=\dimen142
)
(/usr/local/texlive/2025basic/texmf-dist/tex/latex/graphics/graphicx.sty
Package: graphicx 2021/09/16 v1.2d Enhanced LaTeX Graphics (DPC,SPQR)

(/usr/local/texlive/2025basic/texmf-dist/tex/latex/graphics/keyval.sty
Package: keyval 2022/05/29 v1.15 key=value parser (DPC)
\KV@toks@=\toks17
)
(/usr/local/texlive/2025basic/texmf-dist/tex/latex/graphics/graphics.sty
Package: graphics 2024/08/06 v1.4g Standard LaTeX Graphics (DPC,SPQR)

(/usr/local/texlive/2025basic/texmf-dist/tex/latex/graphics/trig.sty
Package: trig 2023/12/02 v1.11 sin cos tan (DPC)
)
(/usr/local/texlive/2025basic/texmf-dist/tex/latex/graphics-cfg/graphics.cfg
File: graphics.cfg 2016/06/04 v1.11 sample graphics configuration
)
Package graphics Info: Driver file: pdftex.def on input line 106.

(/usr/local/texlive/2025basic/texmf-dist/tex/latex/graphics-def/pdftex.def
File: pdftex.def 2024/04/13 v1.2c Graphics/color driver for pdftex
))
\Gin@req@height=\dimen143
\Gin@req@width=\dimen144
)
\c@tnote=\count272
\c@fnote=\count273
\c@cnote=\count274
\c@ead=\count275
\c@elsarticle@author=\count276
\@eadauthor=\toks18
\c@affn=\count277
\absbox=\box53
\elsarticlehighlightsbox=\box54
\elsarticlegrabsbox=\box55
\keybox=\box56
\Columnwidth=\dimen145
\space@left=\dimen146
\els@boxa=\box57
\els@boxb=\box58
\leftMargin=\dimen147
\@enLab=\toks19
\@sep=\skip51
\@@sep=\skip52

(./supp.spl)
(/usr/local/texlive/2025basic/texmf-dist/tex/latex/natbib/natbib.sty
Package: natbib 2010/09/13 8.31b (PWD, AO)
\bibhang=\skip53
\bibsep=\skip54
LaTeX Info: Redefining \cite on input line 694.
\c@NAT@ctr=\count278
)
\splwrite=\write3
\openout3 = `supp.spl'.

\appnamewidth=\dimen148
)
(/usr/local/texlive/2025basic/texmf-dist/tex/latex/base/fontenc.sty
Package: fontenc 2021/04/29 v2.0v Standard LaTeX package
)
(/usr/local/texlive/2025basic/texmf-dist/tex/latex/base/inputenc.sty
Package: inputenc 2024/02/08 v1.3d Input encoding file
\inpenc@prehook=\toks20
\inpenc@posthook=\toks21
)
(/usr/local/texlive/2025basic/texmf-dist/tex/latex/amsmath/amsmath.sty
Package: amsmath 2024/11/05 v2.17t AMS math features
\@mathmargin=\skip55

For additional information on amsmath, use the `?' option.
(/usr/local/texlive/2025basic/texmf-dist/tex/latex/amsmath/amstext.sty
Package: amstext 2021/08/26 v2.01 AMS text

(/usr/local/texlive/2025basic/texmf-dist/tex/latex/amsmath/amsgen.sty
File: amsgen.sty 1999/11/30 v2.0 generic functions
\@emptytoks=\toks22
\ex@=\dimen149
))
(/usr/local/texlive/2025basic/texmf-dist/tex/latex/amsmath/amsbsy.sty
Package: amsbsy 1999/11/29 v1.2d Bold Symbols
\pmbraise@=\dimen150
)
(/usr/local/texlive/2025basic/texmf-dist/tex/latex/amsmath/amsopn.sty
Package: amsopn 2022/04/08 v2.04 operator names
)
\inf@bad=\count279
LaTeX Info: Redefining \frac on input line 233.
\uproot@=\count280
\leftroot@=\count281
LaTeX Info: Redefining \overline on input line 398.
LaTeX Info: Redefining \colon on input line 409.
\classnum@=\count282
\DOTSCASE@=\count283
LaTeX Info: Redefining \ldots on input line 495.
LaTeX Info: Redefining \dots on input line 498.
LaTeX Info: Redefining \cdots on input line 619.
\Mathstrutbox@=\box59
\strutbox@=\box60
LaTeX Info: Redefining \big on input line 721.
LaTeX Info: Redefining \Big on input line 722.
LaTeX Info: Redefining \bigg on input line 723.
LaTeX Info: Redefining \Bigg on input line 724.
\big@size=\dimen151
LaTeX Font Info:    Redeclaring font encoding OML on input line 742.
LaTeX Font Info:    Redeclaring font encoding OMS on input line 743.
\macc@depth=\count284
LaTeX Info: Redefining \bmod on input line 904.
LaTeX Info: Redefining \pmod on input line 909.
LaTeX Info: Redefining \smash on input line 939.
LaTeX Info: Redefining \relbar on input line 969.
LaTeX Info: Redefining \Relbar on input line 970.
\c@MaxMatrixCols=\count285
\dotsspace@=\muskip17
\c@parentequation=\count286
\dspbrk@lvl=\count287
\tag@help=\toks23
\row@=\count288
\column@=\count289
\maxfields@=\count290
\andhelp@=\toks24
\eqnshift@=\dimen152
\alignsep@=\dimen153
\tagshift@=\dimen154
\tagwidth@=\dimen155
\totwidth@=\dimen156
\lineht@=\dimen157
\@envbody=\toks25
\multlinegap=\skip56
\multlinetaggap=\skip57
\mathdisplay@stack=\toks26
LaTeX Info: Redefining \[ on input line 2953.
LaTeX Info: Redefining \] on input line 2954.
)
(/usr/local/texlive/2025basic/texmf-dist/tex/latex/amsfonts/amssymb.sty
Package: amssymb 2013/01/14 v3.01 AMS font symbols

(/usr/local/texlive/2025basic/texmf-dist/tex/latex/amsfonts/amsfonts.sty
Package: amsfonts 2013/01/14 v3.01 Basic AMSFonts support
\symAMSa=\mathgroup4
\symAMSb=\mathgroup5
LaTeX Font Info:    Redeclaring math symbol \hbar on input line 98.
LaTeX Font Info:    Overwriting math alphabet `\mathfrak' in version `bold'
(Font)                  U/euf/m/n --> U/euf/b/n on input line 106.
))
(/usr/local/texlive/2025basic/texmf-dist/tex/latex/booktabs/booktabs.sty
Package: booktabs 2020/01/12 v1.61803398 Publication quality tables
\heavyrulewidth=\dimen158
\lightrulewidth=\dimen159
\cmidrulewidth=\dimen160
\belowrulesep=\dimen161
\belowbottomsep=\dimen162
\aboverulesep=\dimen163
\abovetopsep=\dimen164
\cmidrulesep=\dimen165
\cmidrulekern=\dimen166
\defaultaddspace=\dimen167
\@cmidla=\count291
\@cmidlb=\count292
\@aboverulesep=\dimen168
\@belowrulesep=\dimen169
\@thisruleclass=\count293
\@lastruleclass=\count294
\@thisrulewidth=\dimen170
)
(/usr/local/texlive/2025basic/texmf-dist/tex/latex/hyperref/hyperref.sty
Package: hyperref 2024-11-05 v7.01l Hypertext links for LaTeX

(/usr/local/texlive/2025basic/texmf-dist/tex/generic/iftex/iftex.sty
Package: iftex 2024/12/12 v1.0g TeX engine tests
)
(/usr/local/texlive/2025basic/texmf-dist/tex/latex/kvsetkeys/kvsetkeys.sty
Package: kvsetkeys 2022-10-05 v1.19 Key value parser (HO)
)
(/usr/local/texlive/2025basic/texmf-dist/tex/generic/kvdefinekeys/kvdefinekeys.
sty
Package: kvdefinekeys 2019-12-19 v1.6 Define keys (HO)
)
(/usr/local/texlive/2025basic/texmf-dist/tex/generic/pdfescape/pdfescape.sty
Package: pdfescape 2019/12/09 v1.15 Implements pdfTeX's escape features (HO)

(/usr/local/texlive/2025basic/texmf-dist/tex/generic/ltxcmds/ltxcmds.sty
Package: ltxcmds 2023-12-04 v1.26 LaTeX kernel commands for general use (HO)
)
(/usr/local/texlive/2025basic/texmf-dist/tex/generic/pdftexcmds/pdftexcmds.sty
Package: pdftexcmds 2020-06-27 v0.33 Utility functions of pdfTeX for LuaTeX (HO
)

(/usr/local/texlive/2025basic/texmf-dist/tex/generic/infwarerr/infwarerr.sty
Package: infwarerr 2019/12/03 v1.5 Providing info/warning/error messages (HO)
)
Package pdftexcmds Info: \pdf@primitive is available.
Package pdftexcmds Info: \pdf@ifprimitive is available.
Package pdftexcmds Info: \pdfdraftmode found.
)) (/usr/local/texlive/2025basic/texmf-dist/tex/latex/hycolor/hycolor.sty
Package: hycolor 2020-01-27 v1.10 Color options for hyperref/bookmark (HO)
)
(/usr/local/texlive/2025basic/texmf-dist/tex/latex/hyperref/nameref.sty
Package: nameref 2023-11-26 v2.56 Cross-referencing by name of section

(/usr/local/texlive/2025basic/texmf-dist/tex/latex/refcount/refcount.sty
Package: refcount 2019/12/15 v3.6 Data extraction from label references (HO)
)
(/usr/local/texlive/2025basic/texmf-dist/tex/generic/gettitlestring/gettitlestr
ing.sty
Package: gettitlestring 2019/12/15 v1.6 Cleanup title references (HO)

(/usr/local/texlive/2025basic/texmf-dist/tex/latex/kvoptions/kvoptions.sty
Package: kvoptions 2022-06-15 v3.15 Key value format for package options (HO)
))
\c@section@level=\count295
)
(/usr/local/texlive/2025basic/texmf-dist/tex/generic/stringenc/stringenc.sty
Package: stringenc 2019/11/29 v1.12 Convert strings between diff. encodings (HO
)
)
\@linkdim=\dimen171
\Hy@linkcounter=\count296
\Hy@pagecounter=\count297

(/usr/local/texlive/2025basic/texmf-dist/tex/latex/hyperref/pd1enc.def
File: pd1enc.def 2024-11-05 v7.01l Hyperref: PDFDocEncoding definition (HO)
Now handling font encoding PD1 ...
... no UTF-8 mapping file for font encoding PD1
)
(/usr/local/texlive/2025basic/texmf-dist/tex/generic/intcalc/intcalc.sty
Package: intcalc 2019/12/15 v1.3 Expandable calculations with integers (HO)
)
\Hy@SavedSpaceFactor=\count298

(/usr/local/texlive/2025basic/texmf-dist/tex/latex/hyperref/puenc.def
File: puenc.def 2024-11-05 v7.01l Hyperref: PDF Unicode definition (HO)
Now handling font encoding PU ...
... no UTF-8 mapping file for font encoding PU
)
Package hyperref Info: Hyper figures OFF on input line 4157.
Package hyperref Info: Link nesting OFF on input line 4162.
Package hyperref Info: Hyper index ON on input line 4165.
Package hyperref Info: Plain pages OFF on input line 4172.
Package hyperref Info: Backreferencing OFF on input line 4177.
Package hyperref Info: Implicit mode ON; LaTeX internals redefined.
Package hyperref Info: Bookmarks ON on input line 4424.
\c@Hy@tempcnt=\count299

(/usr/local/texlive/2025basic/texmf-dist/tex/latex/url/url.sty
\Urlmuskip=\muskip18
Package: url 2013/09/16  ver 3.4  Verb mode for urls, etc.
)
LaTeX Info: Redefining \url on input line 4763.
\XeTeXLinkMargin=\dimen172

(/usr/local/texlive/2025basic/texmf-dist/tex/generic/bitset/bitset.sty
Package: bitset 2019/12/09 v1.3 Handle bit-vector datatype (HO)

(/usr/local/texlive/2025basic/texmf-dist/tex/generic/bigintcalc/bigintcalc.sty
Package: bigintcalc 2019/12/15 v1.5 Expandable calculations on big integers (HO
)
))
\Fld@menulength=\count300
\Field@Width=\dimen173
\Fld@charsize=\dimen174
Package hyperref Info: Hyper figures OFF on input line 6042.
Package hyperref Info: Link nesting OFF on input line 6047.
Package hyperref Info: Hyper index ON on input line 6050.
Package hyperref Info: backreferencing OFF on input line 6057.
Package hyperref Info: Link coloring OFF on input line 6062.
Package hyperref Info: Link coloring with OCG OFF on input line 6067.
Package hyperref Info: PDF/A mode OFF on input line 6072.
 (/usr/local/texlive/2025basic/texmf-dist/tex/latex/base/atbegshi-ltx.sty
Package: atbegshi-ltx 2021/01/10 v1.0c Emulation of the original atbegshi
package with kernel methods
)
\Hy@abspage=\count301
\c@Item=\count302
\c@Hfootnote=\count303
)
Package hyperref Info: Driver (autodetected): hpdftex.

(/usr/local/texlive/2025basic/texmf-dist/tex/latex/hyperref/hpdftex.def
File: hpdftex.def 2024-11-05 v7.01l Hyperref driver for pdfTeX

(/usr/local/texlive/2025basic/texmf-dist/tex/latex/base/atveryend-ltx.sty
Package: atveryend-ltx 2020/08/19 v1.0a Emulation of the original atveryend pac
kage
with kernel methods
)
\Fld@listcount=\count304
\c@bookmark@seq@number=\count305

(/usr/local/texlive/2025basic/texmf-dist/tex/latex/rerunfilecheck/rerunfilechec
k.sty
Package: rerunfilecheck 2022-07-10 v1.10 Rerun checks for auxiliary files (HO)

(/usr/local/texlive/2025basic/texmf-dist/tex/generic/uniquecounter/uniquecounte
r.sty
Package: uniquecounter 2019/12/15 v1.4 Provide unlimited unique counter (HO)
)
Package uniquecounter Info: New unique counter `rerunfilecheck' on input line 2
85.
)
\Hy@SectionHShift=\skip58
)
(/usr/local/texlive/2025basic/texmf-dist/tex/latex/microtype/microtype.sty
Package: microtype 2025/02/11 v3.2a Micro-typographical refinements (RS)
\MT@toks=\toks27
\MT@tempbox=\box61
\MT@count=\count306
LaTeX Info: Redefining \noprotrusionifhmode on input line 1087.
LaTeX Info: Redefining \leftprotrusion on input line 1088.
\MT@prot@toks=\toks28
LaTeX Info: Redefining \rightprotrusion on input line 1107.
LaTeX Info: Redefining \textls on input line 1449.
\MT@outer@kern=\dimen175
LaTeX Info: Redefining \microtypecontext on input line 2053.
LaTeX Info: Redefining \textmicrotypecontext on input line 2070.
\MT@listname@count=\count307

(/usr/local/texlive/2025basic/texmf-dist/tex/latex/microtype/microtype-pdftex.d
ef
File: microtype-pdftex.def 2025/02/11 v3.2a Definitions specific to pdftex (RS)

LaTeX Info: Redefining \lsstyle on input line 944.
LaTeX Info: Redefining \lslig on input line 944.
\MT@outer@space=\skip59
)
Package microtype Info: Loading configuration file microtype.cfg.
 (/usr/local/texlive/2025basic/texmf-dist/tex/latex/microtype/microtype.cfg
File: microtype.cfg 2025/02/11 v3.2a microtype main configuration file (RS)
)
LaTeX Info: Redefining \microtypesetup on input line 3065.
)
Package hyperref Info: Option `colorlinks' set `true' on input line 21.
 (./supp.aux)
\openout1 = `supp.aux'.

LaTeX Font Info:    Checking defaults for OML/cmm/m/it on input line 27.
LaTeX Font Info:    ... okay on input line 27.
LaTeX Font Info:    Checking defaults for OMS/cmsy/m/n on input line 27.
LaTeX Font Info:    ... okay on input line 27.
LaTeX Font Info:    Checking defaults for OT1/cmr/m/n on input line 27.
LaTeX Font Info:    ... okay on input line 27.
LaTeX Font Info:    Checking defaults for T1/cmr/m/n on input line 27.
LaTeX Font Info:    ... okay on input line 27.
LaTeX Font Info:    Checking defaults for TS1/cmr/m/n on input line 27.
LaTeX Font Info:    ... okay on input line 27.
LaTeX Font Info:    Checking defaults for OMX/cmex/m/n on input line 27.
LaTeX Font Info:    ... okay on input line 27.
LaTeX Font Info:    Checking defaults for U/cmr/m/n on input line 27.
LaTeX Font Info:    ... okay on input line 27.
LaTeX Font Info:    Checking defaults for PD1/pdf/m/n on input line 27.
LaTeX Font Info:    ... okay on input line 27.
LaTeX Font Info:    Checking defaults for PU/pdf/m/n on input line 27.
LaTeX Font Info:    ... okay on input line 27.

(/usr/local/texlive/2025basic/texmf-dist/tex/context/base/mkii/supp-pdf.mkii
[Loading MPS to PDF converter (version 2006.09.02).]
\scratchcounter=\count308
\scratchdimen=\dimen176
\scratchbox=\box62
\nofMPsegments=\count309
\nofMParguments=\count310
\everyMPshowfont=\toks29
\MPscratchCnt=\count311
\MPscratchDim=\dimen177
\MPnumerator=\count312
\makeMPintoPDFobject=\count313
\everyMPtoPDFconversion=\toks30
)
(/usr/local/texlive/2025basic/texmf-dist/tex/latex/epstopdf-pkg/epstopdf-base.s
ty
Package: epstopdf-base 2020-01-24 v2.11 Base part for package epstopdf
Package epstopdf-base Info: Redefining graphics rule for `.eps' on input line 4
85.

(/usr/local/texlive/2025basic/texmf-dist/tex/latex/latexconfig/epstopdf-sys.cfg
File: epstopdf-sys.cfg 2010/07/13 v1.3 Configuration of (r)epstopdf for TeX Liv
e
)) (/usr/local/texlive/2025basic/texmf-dist/tex/latex/graphics/color.sty
Package: color 2024/06/23 v1.3e Standard LaTeX Color (DPC)

(/usr/local/texlive/2025basic/texmf-dist/tex/latex/graphics-cfg/color.cfg
File: color.cfg 2016/01/02 v1.6 sample color configuration
)
Package color Info: Driver file: pdftex.def on input line 149.

(/usr/local/texlive/2025basic/texmf-dist/tex/latex/graphics/mathcolor.ltx))
Package hyperref Info: Link coloring ON on input line 27.

(./supp.out) (./supp.out)
\@outlinefile=\write4
\openout4 = `supp.out'.

LaTeX Info: Redefining \microtypecontext on input line 27.
Package microtype Info: Applying patch `item' on input line 27.
Package microtype Info: Applying patch `toc' on input line 27.
Package microtype Info: Applying patch `eqnum' on input line 27.
Package microtype Info: Applying patch `footnote' on input line 27.
Package microtype Info: Applying patch `verbatim' on input line 27.
LaTeX Info: Redefining \microtypesetup on input line 27.
Package microtype Info: Generating PDF output.
Package microtype Info: Character protrusion enabled (level 2).
Package microtype Info: Using default protrusion set `alltext'.
Package microtype Info: No font expansion.
Package microtype Info: No adjustment of tracking.
Package microtype Info: No adjustment of interword spacing.
Package microtype Info: No adjustment of character kerning.

(/usr/local/texlive/2025basic/texmf-dist/tex/latex/microtype/mt-cmr.cfg
File: mt-cmr.cfg 2013/05/19 v2.2 microtype config. file: Computer Modern Roman 
(RS)
)
LaTeX Font Info:    Trying to load font information for U+msa on input line 40.


(/usr/local/texlive/2025basic/texmf-dist/tex/latex/amsfonts/umsa.fd
File: umsa.fd 2013/01/14 v3.01 AMS symbols A
)
(/usr/local/texlive/2025basic/texmf-dist/tex/latex/microtype/mt-msa.cfg
File: mt-msa.cfg 2006/02/04 v1.1 microtype config. file: AMS symbols (a) (RS)
)
LaTeX Font Info:    Trying to load font information for U+msb on input line 40.


(/usr/local/texlive/2025basic/texmf-dist/tex/latex/amsfonts/umsb.fd
File: umsb.fd 2013/01/14 v3.01 AMS symbols B
)
(/usr/local/texlive/2025basic/texmf-dist/tex/latex/microtype/mt-msb.cfg
File: mt-msb.cfg 2005/06/01 v1.0 microtype config. file: AMS symbols (b) (RS)
)
<SUPP_FIGURES/supp_figure_01_pareto_large_small.png, id=4, 1020.09105pt x 767.1
4606pt>
File: SUPP_FIGURES/supp_figure_01_pareto_large_small.png Graphic file (type png
)
<use SUPP_FIGURES/supp_figure_01_pareto_large_small.png>
Package pdftex.def Info: SUPP_FIGURES/supp_figure_01_pareto_large_small.png  us
ed on input line 44.
(pdftex.def)             Requested size: 390.0pt x 293.29779pt.
Package microtype Info: Loading generic protrusion settings for font family
(microtype)             `cmtt' (encoding: T1).
(microtype)             For optimal results, create family-specific settings.
(microtype)             See the microtype manual for details.


[1


{/usr/local/texlive/2025basic/texmf-var/fonts/map/pdftex/updmap/pdftex.map}]

[2 <./SUPP_FIGURES/supp_figure_01_pareto_large_small.png>]
<SUPP_FIGURES/supp_figure_02_secretary_par_all_large_small.png, id=25, 1020.091
05pt x 947.82104pt>
File: SUPP_FIGURES/supp_figure_02_secretary_par_all_large_small.png Graphic fil
e (type png)
<use SUPP_FIGURES/supp_figure_02_secretary_par_all_large_small.png>
Package pdftex.def Info: SUPP_FIGURES/supp_figure_02_secretary_par_all_large_sm
all.png  used on input line 53.
(pdftex.def)             Requested size: 390.0pt x 362.37404pt.
<SUPP_FIGURES/supp_figure_03_ridgelines_regression.png, id=26, 590.80725pt x 83
7.6093pt>
File: SUPP_FIGURES/supp_figure_03_ridgelines_regression.png Graphic file (type 
png)
<use SUPP_FIGURES/supp_figure_03_ridgelines_regression.png>
Package pdftex.def Info: SUPP_FIGURES/supp_figure_03_ridgelines_regression.png 
 used on input line 62.
(pdftex.def)             Requested size: 312.00119pt x 442.346pt.


LaTeX Warning: Float too large for page by 13.78996pt on input line 65.

<SUPP_FIGURES/supp_figure_04_ridgelines_classification_gini.png, id=27, 590.807
25pt x 837.6093pt>
File: SUPP_FIGURES/supp_figure_04_ridgelines_classification_gini.png Graphic fi
le (type png)
<use SUPP_FIGURES/supp_figure_04_ridgelines_classification_gini.png>
Package pdftex.def Info: SUPP_FIGURES/supp_figure_04_ridgelines_classification_
gini.png  used on input line 71.
(pdftex.def)             Requested size: 312.00119pt x 442.346pt.

LaTeX Warning: Float too large for page by 1.78996pt on input line 74.

<SUPP_FIGURES/supp_figure_05_ridgelines_classification_entropy.png, id=28, 590.
80725pt x 837.6093pt>
File: SUPP_FIGURES/supp_figure_05_ridgelines_classification_entropy.png Graphic
 file (type png)
<use SUPP_FIGURES/supp_figure_05_ridgelines_classification_entropy.png>
Package pdftex.def Info: SUPP_FIGURES/supp_figure_05_ridgelines_classification_
entropy.png  used on input line 80.
(pdftex.def)             Requested size: 312.00119pt x 442.346pt.
<SUPP_FIGURES/supp_figure_07_success_loss_only_large_small.png, id=31, 802.197p
t x 600.92505pt>
File: SUPP_FIGURES/supp_figure_07_success_loss_only_large_small.png Graphic fil
e (type png)
<use SUPP_FIGURES/supp_figure_07_success_loss_only_large_small.png>
Package pdftex.def Info: SUPP_FIGURES/supp_figure_07_success_loss_only_large_sm
all.png  used on input line 98.
(pdftex.def)             Requested size: 390.0pt x 292.14517pt.
<SUPP_FIGURES/supp_figure_12_success_joint_all.png, id=32, 803.28105pt x 1056.2
2604pt>
File: SUPP_FIGURES/supp_figure_12_success_joint_all.png Graphic file (type png)

<use SUPP_FIGURES/supp_figure_12_success_joint_all.png>
Package pdftex.def Info: SUPP_FIGURES/supp_figure_12_success_joint_all.png  use
d on input line 105.
(pdftex.def)             Requested size: 331.50238pt x 435.89201pt.
<SUPP_FIGURES/supp_figure_08_predicted_regime_maps.png, id=33, 875.55106pt x 10
20.09105pt>
File: SUPP_FIGURES/supp_figure_08_predicted_regime_maps.png Graphic file (type 
png)
<use SUPP_FIGURES/supp_figure_08_predicted_regime_maps.png>
Package pdftex.def Info: SUPP_FIGURES/supp_figure_08_predicted_regime_maps.png 
 used on input line 114.
(pdftex.def)             Requested size: 370.49881pt x 431.65735pt.

LaTeX Warning: Float too large for page by 3.10132pt on input line 117.

<SUPP_FIGURES/supp_figure_09_within_whiskers_loss_speedup.png, id=34, 769.31415
pt x 681.86745pt>
File: SUPP_FIGURES/supp_figure_09_within_whiskers_loss_speedup.png Graphic file
 (type png)
<use SUPP_FIGURES/supp_figure_09_within_whiskers_loss_speedup.png>
Package pdftex.def Info: SUPP_FIGURES/supp_figure_09_within_whiskers_loss_speed
up.png  used on input line 123.
(pdftex.def)             Requested size: 390.0pt x 345.6773pt.
<SUPP_FIGURES/supp_figure_10_within_whiskers_loss_speedup.png, id=35, 773.65034
pt x 681.86745pt>
File: SUPP_FIGURES/supp_figure_10_within_whiskers_loss_speedup.png Graphic file
 (type png)
<use SUPP_FIGURES/supp_figure_10_within_whiskers_loss_speedup.png>
Package pdftex.def Info: SUPP_FIGURES/supp_figure_10_within_whiskers_loss_speed
up.png  used on input line 132.
(pdftex.def)             Requested size: 390.0pt x 343.74208pt.
<SUPP_FIGURES/supp_figure_11_within_whiskers_loss_speedup.png, id=38, 776.54115
pt x 681.86745pt>
File: SUPP_FIGURES/supp_figure_11_within_whiskers_loss_speedup.png Graphic file
 (type png)
<use SUPP_FIGURES/supp_figure_11_within_whiskers_loss_speedup.png>
Package pdftex.def Info: SUPP_FIGURES/supp_figure_11_within_whiskers_loss_speed
up.png  used on input line 141.
(pdftex.def)             Requested size: 390.0pt x 342.45193pt.
<SUPP_FIGURES/supp_figure_13_gain_landscape.png, id=41, 947.82104pt x 333.52605
pt>
File: SUPP_FIGURES/supp_figure_13_gain_landscape.png Graphic file (type png)
<use SUPP_FIGURES/supp_figure_13_gain_landscape.png>
Package pdftex.def Info: SUPP_FIGURES/supp_figure_13_gain_landscape.png  used o
n input line 150.
(pdftex.def)             Requested size: 390.0pt x 137.23512pt.
<SUPP_FIGURES/supp_figure_14_effort_loss.png, id=42, 1019.9706pt x 427.3566pt>
File: SUPP_FIGURES/supp_figure_14_effort_loss.png Graphic file (type png)
<use SUPP_FIGURES/supp_figure_14_effort_loss.png>
Package pdftex.def Info: SUPP_FIGURES/supp_figure_14_effort_loss.png  used on i
nput line 159.
(pdftex.def)             Requested size: 390.0pt x 163.40793pt.
<SUPP_FIGURES/supp_figure_15_time_effort_calibration.png, id=43, 1019.9706pt x 
600.8046pt>
File: SUPP_FIGURES/supp_figure_15_time_effort_calibration.png Graphic file (typ
e png)
<use SUPP_FIGURES/supp_figure_15_time_effort_calibration.png>
Package pdftex.def Info: SUPP_FIGURES/supp_figure_15_time_effort_calibration.pn
g  used on input line 168.
(pdftex.def)             Requested size: 390.0pt x 229.72908pt.


[3 <./SUPP_FIGURES/supp_figure_02_secretary_par_all_large_small.png>]

[4 <./SUPP_FIGURES/supp_figure_03_ridgelines_regression.png>]

[5 <./SUPP_FIGURES/supp_figure_04_ridgelines_classification_gini.png>]

[6 <./SUPP_FIGURES/supp_figure_05_ridgelines_classification_entropy.png>]

[7 <./SUPP_FIGURES/supp_figure_07_success_loss_only_large_small.png>]

[8 <./SUPP_FIGURES/supp_figure_12_success_joint_all.png>]

[9 <./SUPP_FIGURES/supp_figure_08_predicted_regime_maps.png>]

[10 <./SUPP_FIGURES/supp_figure_09_within_whiskers_loss_speedup.png>]

[11 <./SUPP_FIGURES/supp_figure_10_within_whiskers_loss_speedup.png>]

[12 <./SUPP_FIGURES/supp_figure_11_within_whiskers_loss_speedup.png>]

[13 <./SUPP_FIGURES/supp_figure_13_gain_landscape.png> <./SUPP_FIGURES/supp_fig
ure_14_effort_loss.png>]

[14 <./SUPP_FIGURES/supp_figure_15_time_effort_calibration.png>] (./supp.aux)
 ***********
LaTeX2e <2024-11-01> patch level 2
L3 programming layer <2025-01-18>
 ***********
Package rerunfilecheck Info: File `supp.out' has not changed.
(rerunfilecheck)             Checksum: D41D8CD98F00B204E9800998ECF8427E;0.
 ) 
Here is how much of TeX's memory you used:
 12901 strings out of 474662
 205677 string characters out of 5751109
 659294 words of memory out of 5000000
 35752 multiletter control sequences out of 15000+600000
 570015 words of font info for 69 fonts, out of 8000000 for 9000
 319 hyphenation exceptions out of 8191
 75i,6n,79p,1296b,455s stack positions out of 10000i,1000n,20000p,200000b,200000s
 </tmp/texfonts/pk/ljfour/jknappen/ec/ectt1000.600pk> </tmp/texfonts/pk/ljfou
r/jknappen/ec/ecrm1000.600pk> </tmp/texfonts/pk/ljfour/jknappen/ec/ecbx1200.600
pk> </tmp/texfonts/pk/ljfour/jknappen/ec/ecrm1200.600pk> </tmp/texfonts/pk/ljfo
ur/jknappen/ec/ecrm1728.600pk></usr/local/texlive/2025basic/texmf-dist/fonts/ty
pe1/public/amsfonts/cm/cmmi10.pfb></usr/local/texlive/2025basic/texmf-dist/font
s/type1/public/amsfonts/cm/cmr10.pfb></usr/local/texlive/2025basic/texmf-dist/f
onts/type1/public/amsfonts/cm/cmr7.pfb></usr/local/texlive/2025basic/texmf-dist
/fonts/type1/public/amsfonts/cm/cmsy10.pfb>
Output written on supp.pdf (14 pages, 13763200 bytes).
PDF statistics:
 315 PDF objects out of 1000 (max. 8388607)
 106 compressed objects within 2 object streams
 29 named destinations out of 1000 (max. 500000)
 6727 words of extra memory for PDF output out of 10000 (max. 10000000)

